04-Oct-2026 00:01:18.173 WARNING [http-nio-8080-exec-199] org.apache.catalina.loader.WebappClassLoaderBase.clearReferencesJdbc La aplicación web [SaludClick] registró el conductor JDBC [com.mysql.cj.jdbc.Driver] pero falló al anular el registro mientras la aplicación web estaba parada. Para prevenir un fallo de memoria, se ha anulado el registro del conductor JDBC por la fuerza.
04-Oct-2026 00:01:18.191 WARNING [http-nio-8080-exec-199] org.apache.catalina.loader.WebappClassLoaderBase.clearReferencesThreads The web application [SaludClick] appears to have started a thread named [mysql-cj-abandoned-connection-cleanup] but has failed to stop it. This is very likely to create a memory leak. Stack trace of thread:
 java.base/java.lang.Object.wait0(Native Method)
 java.base/java.lang.Object.wait(Object.java:391)
 java.base/java.lang.ref.ReferenceQueue.remove0(ReferenceQueue.java:123)
 java.base/java.lang.ref.ReferenceQueue.remove(ReferenceQueue.java:201)
 com.mysql.cj.jdbc.AbandonedConnectionCleanupThread.run(AbandonedConnectionCleanupThread.java:84)
 java.base/java.util.concurrent.ThreadPoolExecutor.runWorker(ThreadPoolExecutor.java:1090)
 java.base/java.util.concurrent.ThreadPoolExecutor$Worker.run(ThreadPoolExecutor.java:614)
 java.base/java.lang.Thread.run(Thread.java:1516)
04-Oct-2026 00:01:18.812 INFO [http-nio-8080-exec-199] org.apache.catalina.startup.HostConfig.undeploy Repliegue (undeploy) de la aplicación web que tiene como trayectoria de contexto [/SaludClick]
04-Oct-2026 00:01:21.728 INFO [mysql-cj-abandoned-connection-cleanup] org.apache.catalina.loader.WebappClassLoaderBase.checkStateForResourceLoading Acceso ilegal: esta instancia de aplicación web ya ha sido parada.  Could not load [].  La eventual traza de pila que sigue ha sido motivada por un error lanzado con motivos de depuración así como para intentar terminar el hilo que motivó el acceso ilegal y no tiene impacto funcional.
	java.lang.IllegalStateException: Acceso ilegal: esta instancia de aplicación web ya ha sido parada.  Could not load [].  La eventual traza de pila que sigue ha sido motivada por un error lanzado con motivos de depuración así como para intentar terminar el hilo que motivó el acceso ilegal y no tiene impacto funcional.
		at org.apache.catalina.loader.WebappClassLoaderBase.checkStateForResourceLoading(WebappClassLoaderBase.java:1474)
		at org.apache.catalina.loader.WebappClassLoaderBase.getResource(WebappClassLoaderBase.java:1077)
		at com.mysql.cj.jdbc.AbandonedConnectionCleanupThread.checkThreadContextClassLoader(AbandonedConnectionCleanupThread.java:116)
		at com.mysql.cj.jdbc.AbandonedConnectionCleanupThread.run(AbandonedConnectionCleanupThread.java:83)
		at java.base/java.util.concurrent.ThreadPoolExecutor.runWorker(ThreadPoolExecutor.java:1090)
		at java.base/java.util.concurrent.ThreadPoolExecutor$Worker.run(ThreadPoolExecutor.java:614)
		at java.base/java.lang.Thread.run(Thread.java:1516)
04-Oct-2026 00:01:30.734 INFO [http-nio-8080-exec-201] org.apache.catalina.startup.HostConfig.deployDescriptor Desplieque del descriptor de configuración [C:\Users\nigue\OneDrive\Documentos\apache-tomcat-9.0.122\conf\Catalina\localhost\SaludClick.xml]
04-Oct-2026 00:01:30.796 WARNING [http-nio-8080-exec-201] org.apache.catalina.startup.HostConfig.deployDescriptor The path attribute with value [/SaludClick] in deployment descriptor [C:\Users\nigue\OneDrive\Documentos\apache-tomcat-9.0.122\conf\Catalina\localhost\SaludClick.xml] has been ignored
04-Oct-2026 00:01:32.518 INFO [http-nio-8080-exec-201] org.apache.jasper.servlet.TldScanner.scanJars Al menos un JAR, que se ha explorado buscando TLDs, aún no contenía TLDs. Activar historial de depuración para este historiador para una completa lista de los JARs que fueron explorados y de los que nos se halló TLDs. Saltarse JARs no necesarios durante la exploración puede dar lugar a una mejora de tiempo significativa en el arranque y compilación de JSP .
04-Oct-2026 00:01:32.545 INFO [http-nio-8080-exec-201] org.apache.catalina.startup.HostConfig.deployDescriptor Deployment of deployment descriptor [C:\Users\nigue\OneDrive\Documentos\apache-tomcat-9.0.122\conf\Catalina\localhost\SaludClick.xml] has finished in [1.807] ms
04-Oct-2026 00:01:32.550 INFO [http-nio-8080-exec-198] org.apache.catalina.util.LifecycleBase.start The start() method was called on component [StandardEngine[Catalina].StandardHost[localhost].StandardContext[/SaludClick]] after start() had already been called. The second call will be ignored.
04-Oct-2026 00:39:54.327 INFO [http-nio-8080-exec-210] org.apache.catalina.startup.HostConfig.undeploy Repliegue (undeploy) de la aplicación web que tiene como trayectoria de contexto [/SaludClick]
04-Oct-2026 00:40:46.567 INFO [http-nio-8080-exec-212] org.apache.catalina.startup.HostConfig.deployDescriptor Desplieque del descriptor de configuración [C:\Users\nigue\OneDrive\Documentos\apache-tomcat-9.0.122\conf\Catalina\localhost\SaludClick.xml]
04-Oct-2026 00:40:46.693 WARNING [http-nio-8080-exec-212] org.apache.catalina.startup.HostConfig.deployDescriptor The path attribute with value [/SaludClick] in deployment descriptor [C:\Users\nigue\OneDrive\Documentos\apache-tomcat-9.0.122\conf\Catalina\localhost\SaludClick.xml] has been ignored
04-Oct-2026 00:40:48.975 INFO [http-nio-8080-exec-212] org.apache.jasper.servlet.TldScanner.scanJars Al menos un JAR, que se ha explorado buscando TLDs, aún no contenía TLDs. Activar historial de depuración para este historiador para una completa lista de los JARs que fueron explorados y de los que nos se halló TLDs. Saltarse JARs no necesarios durante la exploración puede dar lugar a una mejora de tiempo significativa en el arranque y compilación de JSP .
04-Oct-2026 00:40:49.065 INFO [http-nio-8080-exec-212] org.apache.catalina.startup.HostConfig.deployDescriptor Deployment of deployment descriptor [C:\Users\nigue\OneDrive\Documentos\apache-tomcat-9.0.122\conf\Catalina\localhost\SaludClick.xml] has finished in [2.488] ms
04-Oct-2026 00:40:49.080 INFO [http-nio-8080-exec-213] org.apache.catalina.util.LifecycleBase.start The start() method was called on component [StandardEngine[Catalina].StandardHost[localhost].StandardContext[/SaludClick]] after start() had already been called. The second call will be ignored.
04-Oct-2026 00:43:33.061 INFO [http-nio-8080-exec-218] org.apache.catalina.startup.HostConfig.undeploy Repliegue (undeploy) de la aplicación web que tiene como trayectoria de contexto [/SaludClick]
04-Oct-2026 00:43:41.681 INFO [http-nio-8080-exec-215] org.apache.catalina.startup.HostConfig.deployDescriptor Desplieque del descriptor de configuración [C:\Users\nigue\OneDrive\Documentos\apache-tomcat-9.0.122\conf\Catalina\localhost\SaludClick.xml]
04-Oct-2026 00:43:41.740 WARNING [http-nio-8080-exec-215] org.apache.catalina.startup.HostConfig.deployDescriptor The path attribute with value [/SaludClick] in deployment descriptor [C:\Users\nigue\OneDrive\Documentos\apache-tomcat-9.0.122\conf\Catalina\localhost\SaludClick.xml] has been ignored
04-Oct-2026 00:43:44.085 INFO [http-nio-8080-exec-215] org.apache.jasper.servlet.TldScanner.scanJars Al menos un JAR, que se ha explorado buscando TLDs, aún no contenía TLDs. Activar historial de depuración para este historiador para una completa lista de los JARs que fueron explorados y de los que nos se halló TLDs. Saltarse JARs no necesarios durante la exploración puede dar lugar a una mejora de tiempo significativa en el arranque y compilación de JSP .
04-Oct-2026 00:43:44.120 INFO [http-nio-8080-exec-215] org.apache.catalina.startup.HostConfig.deployDescriptor Deployment of deployment descriptor [C:\Users\nigue\OneDrive\Documentos\apache-tomcat-9.0.122\conf\Catalina\localhost\SaludClick.xml] has finished in [2.434] ms
04-Oct-2026 00:43:44.126 INFO [http-nio-8080-exec-214] org.apache.catalina.util.LifecycleBase.start The start() method was called on component [StandardEngine[Catalina].StandardHost[localhost].StandardContext[/SaludClick]] after start() had already been called. The second call will be ignored.
04-Oct-2026 07:56:20.081 INFO [http-nio-8080-exec-228] org.apache.catalina.startup.HostConfig.undeploy Repliegue (undeploy) de la aplicación web que tiene como trayectoria de contexto [/SaludClick]
04-Oct-2026 07:56:31.426 INFO [http-nio-8080-exec-222] org.apache.catalina.startup.HostConfig.deployDescriptor Desplieque del descriptor de configuración [C:\Users\nigue\OneDrive\Documentos\apache-tomcat-9.0.122\conf\Catalina\localhost\SaludClick.xml]
04-Oct-2026 07:56:31.497 WARNING [http-nio-8080-exec-222] org.apache.catalina.startup.HostConfig.deployDescriptor The path attribute with value [/SaludClick] in deployment descriptor [C:\Users\nigue\OneDrive\Documentos\apache-tomcat-9.0.122\conf\Catalina\localhost\SaludClick.xml] has been ignored
04-Oct-2026 07:56:33.393 INFO [http-nio-8080-exec-222] org.apache.jasper.servlet.TldScanner.scanJars Al menos un JAR, que se ha explorado buscando TLDs, aún no contenía TLDs. Activar historial de depuración para este historiador para una completa lista de los JARs que fueron explorados y de los que nos se halló TLDs. Saltarse JARs no necesarios durante la exploración puede dar lugar a una mejora de tiempo significativa en el arranque y compilación de JSP .
04-Oct-2026 07:56:33.404 INFO [http-nio-8080-exec-222] org.apache.catalina.startup.HostConfig.deployDescriptor Deployment of deployment descriptor [C:\Users\nigue\OneDrive\Documentos\apache-tomcat-9.0.122\conf\Catalina\localhost\SaludClick.xml] has finished in [1.978] ms
04-Oct-2026 07:56:33.419 INFO [http-nio-8080-exec-227] org.apache.catalina.util.LifecycleBase.start The start() method was called on component [StandardEngine[Catalina].StandardHost[localhost].StandardContext[/SaludClick]] after start() had already been called. The second call will be ignored.
04-Oct-2026 08:01:10.648 INFO [http-nio-8080-exec-236] org.apache.catalina.startup.HostConfig.undeploy Repliegue (undeploy) de la aplicación web que tiene como trayectoria de contexto [/SaludClick]
04-Oct-2026 08:01:19.903 INFO [http-nio-8080-exec-241] org.apache.catalina.startup.HostConfig.deployDescriptor Desplieque del descriptor de configuración [C:\Users\nigue\OneDrive\Documentos\apache-tomcat-9.0.122\conf\Catalina\localhost\SaludClick.xml]
04-Oct-2026 08:01:20.024 WARNING [http-nio-8080-exec-241] org.apache.catalina.startup.HostConfig.deployDescriptor The path attribute with value [/SaludClick] in deployment descriptor [C:\Users\nigue\OneDrive\Documentos\apache-tomcat-9.0.122\conf\Catalina\localhost\SaludClick.xml] has been ignored
04-Oct-2026 08:01:22.236 INFO [http-nio-8080-exec-241] org.apache.jasper.servlet.TldScanner.scanJars Al menos un JAR, que se ha explorado buscando TLDs, aún no contenía TLDs. Activar historial de depuración para este historiador para una completa lista de los JARs que fueron explorados y de los que nos se halló TLDs. Saltarse JARs no necesarios durante la exploración puede dar lugar a una mejora de tiempo significativa en el arranque y compilación de JSP .
04-Oct-2026 08:01:22.309 INFO [http-nio-8080-exec-241] org.apache.catalina.startup.HostConfig.deployDescriptor Deployment of deployment descriptor [C:\Users\nigue\OneDrive\Documentos\apache-tomcat-9.0.122\conf\Catalina\localhost\SaludClick.xml] has finished in [2.400] ms
04-Oct-2026 08:01:22.352 INFO [http-nio-8080-exec-241] org.apache.catalina.util.LifecycleBase.start The start() method was called on component [StandardEngine[Catalina].StandardHost[localhost].StandardContext[/SaludClick]] after start() had already been called. The second call will be ignored.
04-Oct-2026 08:08:35.385 INFO [http-nio-8080-exec-242] org.apache.catalina.startup.HostConfig.undeploy Repliegue (undeploy) de la aplicación web que tiene como trayectoria de contexto [/SaludClick]
04-Oct-2026 08:08:43.034 INFO [http-nio-8080-exec-247] org.apache.catalina.startup.HostConfig.deployDescriptor Desplieque del descriptor de configuración [C:\Users\nigue\OneDrive\Documentos\apache-tomcat-9.0.122\conf\Catalina\localhost\SaludClick.xml]
04-Oct-2026 08:08:43.059 WARNING [http-nio-8080-exec-247] org.apache.catalina.startup.HostConfig.deployDescriptor The path attribute with value [/SaludClick] in deployment descriptor [C:\Users\nigue\OneDrive\Documentos\apache-tomcat-9.0.122\conf\Catalina\localhost\SaludClick.xml] has been ignored
04-Oct-2026 08:08:44.198 INFO [http-nio-8080-exec-247] org.apache.jasper.servlet.TldScanner.scanJars Al menos un JAR, que se ha explorado buscando TLDs, aún no contenía TLDs. Activar historial de depuración para este historiador para una completa lista de los JARs que fueron explorados y de los que nos se halló TLDs. Saltarse JARs no necesarios durante la exploración puede dar lugar a una mejora de tiempo significativa en el arranque y compilación de JSP .
04-Oct-2026 08:08:44.214 INFO [http-nio-8080-exec-247] org.apache.catalina.startup.HostConfig.deployDescriptor Deployment of deployment descriptor [C:\Users\nigue\OneDrive\Documentos\apache-tomcat-9.0.122\conf\Catalina\localhost\SaludClick.xml] has finished in [1.177] ms
04-Oct-2026 08:08:44.221 INFO [http-nio-8080-exec-248] org.apache.catalina.util.LifecycleBase.start The start() method was called on component [StandardEngine[Catalina].StandardHost[localhost].StandardContext[/SaludClick]] after start() had already been called. The second call will be ignored.
04-Oct-2026 08:13:51.370 WARNING [http-nio-8080-exec-256] org.apache.catalina.loader.WebappClassLoaderBase.clearReferencesThreads The web application [SaludClick] appears to have started a thread named [Catalina-utility-1] but has failed to stop it. This is very likely to create a memory leak. Stack trace of thread:
 org.apache.catalina.core.StandardContext.backgroundProcess(StandardContext.java:5023)
 org.apache.catalina.core.ContainerBase$ContainerBackgroundProcessor.processChildren(ContainerBase.java:1212)
 org.apache.catalina.core.ContainerBase$ContainerBackgroundProcessor.processChildren(ContainerBase.java:1216)
 org.apache.catalina.core.ContainerBase$ContainerBackgroundProcessor.processChildren(ContainerBase.java:1216)
 org.apache.catalina.core.ContainerBase$ContainerBackgroundProcessor.run(ContainerBase.java:1189)
 java.base/java.util.concurrent.Executors$RunnableAdapter.call(Executors.java:545)
 java.base/java.util.concurrent.FutureTask.runAndReset(FutureTask.java:371)
 java.base/java.util.concurrent.ScheduledThreadPoolExecutor$ScheduledFutureTask.run(ScheduledThreadPoolExecutor.java:310)
 java.base/java.util.concurrent.ThreadPoolExecutor.runWorker(ThreadPoolExecutor.java:1090)
 java.base/java.util.concurrent.ThreadPoolExecutor$Worker.run(ThreadPoolExecutor.java:614)
 org.apache.tomcat.util.threads.TaskThread$WrappingRunnable.run(TaskThread.java:80)
 java.base/java.lang.Thread.run(Thread.java:1516)
04-Oct-2026 08:13:51.921 INFO [http-nio-8080-exec-256] org.apache.catalina.startup.HostConfig.undeploy Repliegue (undeploy) de la aplicación web que tiene como trayectoria de contexto [/SaludClick]
04-Oct-2026 08:14:01.237 INFO [http-nio-8080-exec-261] org.apache.catalina.startup.HostConfig.deployDescriptor Desplieque del descriptor de configuración [C:\Users\nigue\OneDrive\Documentos\apache-tomcat-9.0.122\conf\Catalina\localhost\SaludClick.xml]
04-Oct-2026 08:14:01.282 WARNING [http-nio-8080-exec-261] org.apache.catalina.startup.HostConfig.deployDescriptor The path attribute with value [/SaludClick] in deployment descriptor [C:\Users\nigue\OneDrive\Documentos\apache-tomcat-9.0.122\conf\Catalina\localhost\SaludClick.xml] has been ignored
04-Oct-2026 08:14:02.354 INFO [http-nio-8080-exec-261] org.apache.jasper.servlet.TldScanner.scanJars Al menos un JAR, que se ha explorado buscando TLDs, aún no contenía TLDs. Activar historial de depuración para este historiador para una completa lista de los JARs que fueron explorados y de los que nos se halló TLDs. Saltarse JARs no necesarios durante la exploración puede dar lugar a una mejora de tiempo significativa en el arranque y compilación de JSP .
04-Oct-2026 08:14:02.370 INFO [http-nio-8080-exec-261] org.apache.catalina.startup.HostConfig.deployDescriptor Deployment of deployment descriptor [C:\Users\nigue\OneDrive\Documentos\apache-tomcat-9.0.122\conf\Catalina\localhost\SaludClick.xml] has finished in [1.131] ms
04-Oct-2026 08:14:02.375 INFO [http-nio-8080-exec-253] org.apache.catalina.util.LifecycleBase.start The start() method was called on component [StandardEngine[Catalina].StandardHost[localhost].StandardContext[/SaludClick]] after start() had already been called. The second call will be ignored.
04-Oct-2026 08:17:35.696 INFO [http-nio-8080-exec-262] org.apache.catalina.startup.HostConfig.undeploy Repliegue (undeploy) de la aplicación web que tiene como trayectoria de contexto [/SaludClick]
04-Oct-2026 08:17:44.273 INFO [http-nio-8080-exec-270] org.apache.catalina.startup.HostConfig.deployDescriptor Desplieque del descriptor de configuración [C:\Users\nigue\OneDrive\Documentos\apache-tomcat-9.0.122\conf\Catalina\localhost\SaludClick.xml]
04-Oct-2026 08:17:44.311 WARNING [http-nio-8080-exec-270] org.apache.catalina.startup.HostConfig.deployDescriptor The path attribute with value [/SaludClick] in deployment descriptor [C:\Users\nigue\OneDrive\Documentos\apache-tomcat-9.0.122\conf\Catalina\localhost\SaludClick.xml] has been ignored
04-Oct-2026 08:17:45.457 INFO [http-nio-8080-exec-270] org.apache.jasper.servlet.TldScanner.scanJars Al menos un JAR, que se ha explorado buscando TLDs, aún no contenía TLDs. Activar historial de depuración para este historiador para una completa lista de los JARs que fueron explorados y de los que nos se halló TLDs. Saltarse JARs no necesarios durante la exploración puede dar lugar a una mejora de tiempo significativa en el arranque y compilación de JSP .
04-Oct-2026 08:17:45.486 INFO [http-nio-8080-exec-270] org.apache.catalina.startup.HostConfig.deployDescriptor Deployment of deployment descriptor [C:\Users\nigue\OneDrive\Documentos\apache-tomcat-9.0.122\conf\Catalina\localhost\SaludClick.xml] has finished in [1.209] ms
04-Oct-2026 08:17:45.491 INFO [http-nio-8080-exec-267] org.apache.catalina.util.LifecycleBase.start The start() method was called on component [StandardEngine[Catalina].StandardHost[localhost].StandardContext[/SaludClick]] after start() had already been called. The second call will be ignored.
04-Oct-2026 08:25:45.487 INFO [http-nio-8080-exec-277] org.apache.catalina.startup.HostConfig.undeploy Repliegue (undeploy) de la aplicación web que tiene como trayectoria de contexto [/SaludClick]
04-Oct-2026 08:25:58.635 INFO [http-nio-8080-exec-272] org.apache.catalina.startup.HostConfig.deployDescriptor Desplieque del descriptor de configuración [C:\Users\nigue\OneDrive\Documentos\apache-tomcat-9.0.122\conf\Catalina\localhost\SaludClick.xml]
04-Oct-2026 08:25:58.733 WARNING [http-nio-8080-exec-272] org.apache.catalina.startup.HostConfig.deployDescriptor The path attribute with value [/SaludClick] in deployment descriptor [C:\Users\nigue\OneDrive\Documentos\apache-tomcat-9.0.122\conf\Catalina\localhost\SaludClick.xml] has been ignored
04-Oct-2026 08:26:01.009 INFO [http-nio-8080-exec-272] org.apache.jasper.servlet.TldScanner.scanJars Al menos un JAR, que se ha explorado buscando TLDs, aún no contenía TLDs. Activar historial de depuración para este historiador para una completa lista de los JARs que fueron explorados y de los que nos se halló TLDs. Saltarse JARs no necesarios durante la exploración puede dar lugar a una mejora de tiempo significativa en el arranque y compilación de JSP .
04-Oct-2026 08:26:01.020 INFO [http-nio-8080-exec-272] org.apache.catalina.startup.HostConfig.deployDescriptor Deployment of deployment descriptor [C:\Users\nigue\OneDrive\Documentos\apache-tomcat-9.0.122\conf\Catalina\localhost\SaludClick.xml] has finished in [2.381] ms
04-Oct-2026 08:26:01.026 INFO [http-nio-8080-exec-273] org.apache.catalina.util.LifecycleBase.start The start() method was called on component [StandardEngine[Catalina].StandardHost[localhost].StandardContext[/SaludClick]] after start() had already been called. The second call will be ignored.
04-Oct-2026 08:56:59.984 WARNING [http-nio-8080-exec-282] org.apache.catalina.loader.WebappClassLoaderBase.clearReferencesThreads The web application [SaludClick] appears to have started a thread named [Catalina-utility-1] but has failed to stop it. This is very likely to create a memory leak. Stack trace of thread:
 org.apache.catalina.core.StandardContext.backgroundProcess(StandardContext.java:5023)
 org.apache.catalina.core.ContainerBase$ContainerBackgroundProcessor.processChildren(ContainerBase.java:1212)
 org.apache.catalina.core.ContainerBase$ContainerBackgroundProcessor.processChildren(ContainerBase.java:1216)
 org.apache.catalina.core.ContainerBase$ContainerBackgroundProcessor.processChildren(ContainerBase.java:1216)
 org.apache.catalina.core.ContainerBase$ContainerBackgroundProcessor.run(ContainerBase.java:1189)
 java.base/java.util.concurrent.Executors$RunnableAdapter.call(Executors.java:545)
 java.base/java.util.concurrent.FutureTask.runAndReset(FutureTask.java:371)
 java.base/java.util.concurrent.ScheduledThreadPoolExecutor$ScheduledFutureTask.run(ScheduledThreadPoolExecutor.java:310)
 java.base/java.util.concurrent.ThreadPoolExecutor.runWorker(ThreadPoolExecutor.java:1090)
 java.base/java.util.concurrent.ThreadPoolExecutor$Worker.run(ThreadPoolExecutor.java:614)
 org.apache.tomcat.util.threads.TaskThread$WrappingRunnable.run(TaskThread.java:80)
 java.base/java.lang.Thread.run(Thread.java:1516)
04-Oct-2026 08:57:00.570 INFO [http-nio-8080-exec-282] org.apache.catalina.startup.HostConfig.undeploy Repliegue (undeploy) de la aplicación web que tiene como trayectoria de contexto [/SaludClick]
04-Oct-2026 08:57:00.777 INFO [http-nio-8080-exec-287] org.apache.catalina.startup.HostConfig.deployDescriptor Desplieque del descriptor de configuración [C:\Users\nigue\OneDrive\Documentos\apache-tomcat-9.0.122\conf\Catalina\localhost\SaludClick.xml]
04-Oct-2026 08:57:00.868 WARNING [http-nio-8080-exec-287] org.apache.catalina.startup.HostConfig.deployDescriptor The path attribute with value [/SaludClick] in deployment descriptor [C:\Users\nigue\OneDrive\Documentos\apache-tomcat-9.0.122\conf\Catalina\localhost\SaludClick.xml] has been ignored
04-Oct-2026 08:57:03.099 INFO [http-nio-8080-exec-287] org.apache.jasper.servlet.TldScanner.scanJars Al menos un JAR, que se ha explorado buscando TLDs, aún no contenía TLDs. Activar historial de depuración para este historiador para una completa lista de los JARs que fueron explorados y de los que nos se halló TLDs. Saltarse JARs no necesarios durante la exploración puede dar lugar a una mejora de tiempo significativa en el arranque y compilación de JSP .
04-Oct-2026 08:57:03.123 INFO [http-nio-8080-exec-287] org.apache.catalina.startup.HostConfig.deployDescriptor Deployment of deployment descriptor [C:\Users\nigue\OneDrive\Documentos\apache-tomcat-9.0.122\conf\Catalina\localhost\SaludClick.xml] has finished in [2.348] ms
04-Oct-2026 08:57:03.139 INFO [http-nio-8080-exec-291] org.apache.catalina.util.LifecycleBase.start The start() method was called on component [StandardEngine[Catalina].StandardHost[localhost].StandardContext[/SaludClick]] after start() had already been called. The second call will be ignored.
04-Oct-2026 08:57:10.252 INFO [http-nio-8080-exec-292] org.apache.catalina.startup.HostConfig.undeploy Repliegue (undeploy) de la aplicación web que tiene como trayectoria de contexto [/SaludClick]
04-Oct-2026 08:57:24.709 INFO [http-nio-8080-exec-284] org.apache.catalina.startup.HostConfig.deployDescriptor Desplieque del descriptor de configuración [C:\Users\nigue\OneDrive\Documentos\apache-tomcat-9.0.122\conf\Catalina\localhost\SaludClick.xml]
04-Oct-2026 08:57:24.712 WARNING [http-nio-8080-exec-284] org.apache.catalina.startup.HostConfig.deployDescriptor The path attribute with value [/SaludClick] in deployment descriptor [C:\Users\nigue\OneDrive\Documentos\apache-tomcat-9.0.122\conf\Catalina\localhost\SaludClick.xml] has been ignored
04-Oct-2026 08:57:25.735 INFO [http-nio-8080-exec-284] org.apache.jasper.servlet.TldScanner.scanJars Al menos un JAR, que se ha explorado buscando TLDs, aún no contenía TLDs. Activar historial de depuración para este historiador para una completa lista de los JARs que fueron explorados y de los que nos se halló TLDs. Saltarse JARs no necesarios durante la exploración puede dar lugar a una mejora de tiempo significativa en el arranque y compilación de JSP .
04-Oct-2026 08:57:25.743 INFO [http-nio-8080-exec-284] org.apache.catalina.startup.HostConfig.deployDescriptor Deployment of deployment descriptor [C:\Users\nigue\OneDrive\Documentos\apache-tomcat-9.0.122\conf\Catalina\localhost\SaludClick.xml] has finished in [1.034] ms
04-Oct-2026 08:57:25.749 INFO [http-nio-8080-exec-292] org.apache.catalina.util.LifecycleBase.start The start() method was called on component [StandardEngine[Catalina].StandardHost[localhost].StandardContext[/SaludClick]] after start() had already been called. The second call will be ignored.
04-Oct-2026 09:52:46.185 INFO [http-nio-8080-exec-299] org.apache.catalina.startup.HostConfig.undeploy Repliegue (undeploy) de la aplicación web que tiene como trayectoria de contexto [/SaludClick]
04-Oct-2026 09:52:59.107 INFO [http-nio-8080-exec-296] org.apache.catalina.startup.HostConfig.deployDescriptor Desplieque del descriptor de configuración [C:\Users\nigue\OneDrive\Documentos\apache-tomcat-9.0.122\conf\Catalina\localhost\SaludClick.xml]
04-Oct-2026 09:52:59.202 WARNING [http-nio-8080-exec-296] org.apache.catalina.startup.HostConfig.deployDescriptor The path attribute with value [/SaludClick] in deployment descriptor [C:\Users\nigue\OneDrive\Documentos\apache-tomcat-9.0.122\conf\Catalina\localhost\SaludClick.xml] has been ignored
04-Oct-2026 09:53:00.750 INFO [http-nio-8080-exec-296] org.apache.jasper.servlet.TldScanner.scanJars Al menos un JAR, que se ha explorado buscando TLDs, aún no contenía TLDs. Activar historial de depuración para este historiador para una completa lista de los JARs que fueron explorados y de los que nos se halló TLDs. Saltarse JARs no necesarios durante la exploración puede dar lugar a una mejora de tiempo significativa en el arranque y compilación de JSP .
04-Oct-2026 09:53:00.797 INFO [http-nio-8080-exec-296] org.apache.catalina.startup.HostConfig.deployDescriptor Deployment of deployment descriptor [C:\Users\nigue\OneDrive\Documentos\apache-tomcat-9.0.122\conf\Catalina\localhost\SaludClick.xml] has finished in [1.686] ms
04-Oct-2026 09:53:00.804 INFO [http-nio-8080-exec-300] org.apache.catalina.util.LifecycleBase.start The start() method was called on component [StandardEngine[Catalina].StandardHost[localhost].StandardContext[/SaludClick]] after start() had already been called. The second call will be ignored.
04-Oct-2026 10:37:51.674 INFO [http-nio-8080-exec-307] org.apache.catalina.startup.HostConfig.undeploy Repliegue (undeploy) de la aplicación web que tiene como trayectoria de contexto [/SaludClick]
04-Oct-2026 10:38:27.520 INFO [http-nio-8080-exec-306] org.apache.catalina.startup.HostConfig.deployDescriptor Desplieque del descriptor de configuración [C:\Users\nigue\OneDrive\Documentos\apache-tomcat-9.0.122\conf\Catalina\localhost\SaludClick.xml]
04-Oct-2026 10:38:27.566 WARNING [http-nio-8080-exec-306] org.apache.catalina.startup.HostConfig.deployDescriptor The path attribute with value [/SaludClick] in deployment descriptor [C:\Users\nigue\OneDrive\Documentos\apache-tomcat-9.0.122\conf\Catalina\localhost\SaludClick.xml] has been ignored
04-Oct-2026 10:38:28.698 INFO [http-nio-8080-exec-306] org.apache.jasper.servlet.TldScanner.scanJars Al menos un JAR, que se ha explorado buscando TLDs, aún no contenía TLDs. Activar historial de depuración para este historiador para una completa lista de los JARs que fueron explorados y de los que nos se halló TLDs. Saltarse JARs no necesarios durante la exploración puede dar lugar a una mejora de tiempo significativa en el arranque y compilación de JSP .
04-Oct-2026 10:38:28.705 INFO [http-nio-8080-exec-306] org.apache.catalina.startup.HostConfig.deployDescriptor Deployment of deployment descriptor [C:\Users\nigue\OneDrive\Documentos\apache-tomcat-9.0.122\conf\Catalina\localhost\SaludClick.xml] has finished in [1.184] ms
04-Oct-2026 10:38:28.722 INFO [http-nio-8080-exec-314] org.apache.catalina.util.LifecycleBase.start The start() method was called on component [StandardEngine[Catalina].StandardHost[localhost].StandardContext[/SaludClick]] after start() had already been called. The second call will be ignored.
04-Oct-2026 10:48:01.741 INFO [http-nio-8080-exec-316] org.apache.catalina.startup.HostConfig.undeploy Repliegue (undeploy) de la aplicación web que tiene como trayectoria de contexto [/SaludClick]
04-Oct-2026 10:48:11.306 INFO [http-nio-8080-exec-322] org.apache.catalina.startup.HostConfig.deployDescriptor Desplieque del descriptor de configuración [C:\Users\nigue\OneDrive\Documentos\apache-tomcat-9.0.122\conf\Catalina\localhost\SaludClick.xml]
04-Oct-2026 10:48:11.402 WARNING [http-nio-8080-exec-322] org.apache.catalina.startup.HostConfig.deployDescriptor The path attribute with value [/SaludClick] in deployment descriptor [C:\Users\nigue\OneDrive\Documentos\apache-tomcat-9.0.122\conf\Catalina\localhost\SaludClick.xml] has been ignored
04-Oct-2026 10:48:12.342 INFO [http-nio-8080-exec-322] org.apache.jasper.servlet.TldScanner.scanJars Al menos un JAR, que se ha explorado buscando TLDs, aún no contenía TLDs. Activar historial de depuración para este historiador para una completa lista de los JARs que fueron explorados y de los que nos se halló TLDs. Saltarse JARs no necesarios durante la exploración puede dar lugar a una mejora de tiempo significativa en el arranque y compilación de JSP .
04-Oct-2026 10:48:12.356 INFO [http-nio-8080-exec-322] org.apache.catalina.startup.HostConfig.deployDescriptor Deployment of deployment descriptor [C:\Users\nigue\OneDrive\Documentos\apache-tomcat-9.0.122\conf\Catalina\localhost\SaludClick.xml] has finished in [1.049] ms
04-Oct-2026 10:48:12.360 INFO [http-nio-8080-exec-318] org.apache.catalina.util.LifecycleBase.start The start() method was called on component [StandardEngine[Catalina].StandardHost[localhost].StandardContext[/SaludClick]] after start() had already been called. The second call will be ignored.
04-Oct-2026 21:20:51.787 WARNING [http-nio-8080-exec-325] org.apache.catalina.loader.WebappClassLoaderBase.clearReferencesJdbc La aplicación web [SaludClick] registró el conductor JDBC [com.mysql.cj.jdbc.Driver] pero falló al anular el registro mientras la aplicación web estaba parada. Para prevenir un fallo de memoria, se ha anulado el registro del conductor JDBC por la fuerza.
04-Oct-2026 21:20:51.818 WARNING [http-nio-8080-exec-325] org.apache.catalina.loader.WebappClassLoaderBase.clearReferencesThreads The web application [SaludClick] appears to have started a thread named [mysql-cj-abandoned-connection-cleanup] but has failed to stop it. This is very likely to create a memory leak. Stack trace of thread:
 java.base/java.lang.Object.wait0(Native Method)
 java.base/java.lang.Object.wait(Object.java:391)
 java.base/java.lang.ref.ReferenceQueue.remove0(ReferenceQueue.java:123)
 java.base/java.lang.ref.ReferenceQueue.remove(ReferenceQueue.java:201)
 com.mysql.cj.jdbc.AbandonedConnectionCleanupThread.run(AbandonedConnectionCleanupThread.java:84)
 java.base/java.util.concurrent.ThreadPoolExecutor.runWorker(ThreadPoolExecutor.java:1090)
 java.base/java.util.concurrent.ThreadPoolExecutor$Worker.run(ThreadPoolExecutor.java:614)
 java.base/java.lang.Thread.run(Thread.java:1516)
04-Oct-2026 21:20:52.597 INFO [http-nio-8080-exec-325] org.apache.catalina.startup.HostConfig.undeploy Repliegue (undeploy) de la aplicación web que tiene como trayectoria de contexto [/SaludClick]
04-Oct-2026 21:20:57.090 INFO [mysql-cj-abandoned-connection-cleanup] org.apache.catalina.loader.WebappClassLoaderBase.checkStateForResourceLoading Acceso ilegal: esta instancia de aplicación web ya ha sido parada.  Could not load [].  La eventual traza de pila que sigue ha sido motivada por un error lanzado con motivos de depuración así como para intentar terminar el hilo que motivó el acceso ilegal y no tiene impacto funcional.
	java.lang.IllegalStateException: Acceso ilegal: esta instancia de aplicación web ya ha sido parada.  Could not load [].  La eventual traza de pila que sigue ha sido motivada por un error lanzado con motivos de depuración así como para intentar terminar el hilo que motivó el acceso ilegal y no tiene impacto funcional.
		at org.apache.catalina.loader.WebappClassLoaderBase.checkStateForResourceLoading(WebappClassLoaderBase.java:1474)
		at org.apache.catalina.loader.WebappClassLoaderBase.getResource(WebappClassLoaderBase.java:1077)
		at com.mysql.cj.jdbc.AbandonedConnectionCleanupThread.checkThreadContextClassLoader(AbandonedConnectionCleanupThread.java:116)
		at com.mysql.cj.jdbc.AbandonedConnectionCleanupThread.run(AbandonedConnectionCleanupThread.java:83)
		at java.base/java.util.concurrent.ThreadPoolExecutor.runWorker(ThreadPoolExecutor.java:1090)
		at java.base/java.util.concurrent.ThreadPoolExecutor$Worker.run(ThreadPoolExecutor.java:614)
		at java.base/java.lang.Thread.run(Thread.java:1516)
04-Oct-2026 21:21:11.747 INFO [http-nio-8080-exec-331] org.apache.catalina.startup.HostConfig.deployDescriptor Desplieque del descriptor de configuración [C:\Users\nigue\OneDrive\Documentos\apache-tomcat-9.0.122\conf\Catalina\localhost\SaludClick.xml]
04-Oct-2026 21:21:11.872 WARNING [http-nio-8080-exec-331] org.apache.catalina.startup.HostConfig.deployDescriptor The path attribute with value [/SaludClick] in deployment descriptor [C:\Users\nigue\OneDrive\Documentos\apache-tomcat-9.0.122\conf\Catalina\localhost\SaludClick.xml] has been ignored
04-Oct-2026 21:21:14.665 INFO [http-nio-8080-exec-331] org.apache.jasper.servlet.TldScanner.scanJars Al menos un JAR, que se ha explorado buscando TLDs, aún no contenía TLDs. Activar historial de depuración para este historiador para una completa lista de los JARs que fueron explorados y de los que nos se halló TLDs. Saltarse JARs no necesarios durante la exploración puede dar lugar a una mejora de tiempo significativa en el arranque y compilación de JSP .
04-Oct-2026 21:21:14.858 INFO [http-nio-8080-exec-331] org.apache.catalina.startup.HostConfig.deployDescriptor Deployment of deployment descriptor [C:\Users\nigue\OneDrive\Documentos\apache-tomcat-9.0.122\conf\Catalina\localhost\SaludClick.xml] has finished in [3.059] ms
04-Oct-2026 21:21:15.138 INFO [http-nio-8080-exec-334] org.apache.catalina.util.LifecycleBase.start The start() method was called on component [StandardEngine[Catalina].StandardHost[localhost].StandardContext[/SaludClick]] after start() had already been called. The second call will be ignored.
04-Oct-2026 21:51:46.853 WARNING [http-nio-8080-exec-343] org.apache.catalina.loader.WebappClassLoaderBase.clearReferencesJdbc La aplicación web [SaludClick] registró el conductor JDBC [com.mysql.cj.jdbc.Driver] pero falló al anular el registro mientras la aplicación web estaba parada. Para prevenir un fallo de memoria, se ha anulado el registro del conductor JDBC por la fuerza.
04-Oct-2026 21:51:46.891 WARNING [http-nio-8080-exec-343] org.apache.catalina.loader.WebappClassLoaderBase.clearReferencesThreads The web application [SaludClick] appears to have started a thread named [mysql-cj-abandoned-connection-cleanup] but has failed to stop it. This is very likely to create a memory leak. Stack trace of thread:
 java.base/java.lang.Object.wait0(Native Method)
 java.base/java.lang.Object.wait(Object.java:391)
 java.base/java.lang.ref.ReferenceQueue.remove0(ReferenceQueue.java:123)
 java.base/java.lang.ref.ReferenceQueue.remove(ReferenceQueue.java:201)
 com.mysql.cj.jdbc.AbandonedConnectionCleanupThread.run(AbandonedConnectionCleanupThread.java:84)
 java.base/java.util.concurrent.ThreadPoolExecutor.runWorker(ThreadPoolExecutor.java:1090)
 java.base/java.util.concurrent.ThreadPoolExecutor$Worker.run(ThreadPoolExecutor.java:614)
 java.base/java.lang.Thread.run(Thread.java:1516)
04-Oct-2026 21:51:47.610 INFO [http-nio-8080-exec-343] org.apache.catalina.startup.HostConfig.undeploy Repliegue (undeploy) de la aplicación web que tiene como trayectoria de contexto [/SaludClick]
04-Oct-2026 21:51:51.509 INFO [mysql-cj-abandoned-connection-cleanup] org.apache.catalina.loader.WebappClassLoaderBase.checkStateForResourceLoading Acceso ilegal: esta instancia de aplicación web ya ha sido parada.  Could not load [].  La eventual traza de pila que sigue ha sido motivada por un error lanzado con motivos de depuración así como para intentar terminar el hilo que motivó el acceso ilegal y no tiene impacto funcional.
	java.lang.IllegalStateException: Acceso ilegal: esta instancia de aplicación web ya ha sido parada.  Could not load [].  La eventual traza de pila que sigue ha sido motivada por un error lanzado con motivos de depuración así como para intentar terminar el hilo que motivó el acceso ilegal y no tiene impacto funcional.
		at org.apache.catalina.loader.WebappClassLoaderBase.checkStateForResourceLoading(WebappClassLoaderBase.java:1474)
		at org.apache.catalina.loader.WebappClassLoaderBase.getResource(WebappClassLoaderBase.java:1077)
		at com.mysql.cj.jdbc.AbandonedConnectionCleanupThread.checkThreadContextClassLoader(AbandonedConnectionCleanupThread.java:116)
		at com.mysql.cj.jdbc.AbandonedConnectionCleanupThread.run(AbandonedConnectionCleanupThread.java:83)
		at java.base/java.util.concurrent.ThreadPoolExecutor.runWorker(ThreadPoolExecutor.java:1090)
		at java.base/java.util.concurrent.ThreadPoolExecutor$Worker.run(ThreadPoolExecutor.java:614)
		at java.base/java.lang.Thread.run(Thread.java:1516)
04-Oct-2026 21:52:03.712 INFO [http-nio-8080-exec-342] org.apache.catalina.startup.HostConfig.deployDescriptor Desplieque del descriptor de configuración [C:\Users\nigue\OneDrive\Documentos\apache-tomcat-9.0.122\conf\Catalina\localhost\SaludClick.xml]
04-Oct-2026 21:52:03.808 WARNING [http-nio-8080-exec-342] org.apache.catalina.startup.HostConfig.deployDescriptor The path attribute with value [/SaludClick] in deployment descriptor [C:\Users\nigue\OneDrive\Documentos\apache-tomcat-9.0.122\conf\Catalina\localhost\SaludClick.xml] has been ignored
04-Oct-2026 21:52:06.200 INFO [http-nio-8080-exec-342] org.apache.jasper.servlet.TldScanner.scanJars Al menos un JAR, que se ha explorado buscando TLDs, aún no contenía TLDs. Activar historial de depuración para este historiador para una completa lista de los JARs que fueron explorados y de los que nos se halló TLDs. Saltarse JARs no necesarios durante la exploración puede dar lugar a una mejora de tiempo significativa en el arranque y compilación de JSP .
04-Oct-2026 21:52:06.258 INFO [http-nio-8080-exec-342] org.apache.catalina.startup.HostConfig.deployDescriptor Deployment of deployment descriptor [C:\Users\nigue\OneDrive\Documentos\apache-tomcat-9.0.122\conf\Catalina\localhost\SaludClick.xml] has finished in [2.531] ms
04-Oct-2026 21:52:06.268 INFO [http-nio-8080-exec-335] org.apache.catalina.util.LifecycleBase.start The start() method was called on component [StandardEngine[Catalina].StandardHost[localhost].StandardContext[/SaludClick]] after start() had already been called. The second call will be ignored.
04-Oct-2026 21:56:31.625 INFO [http-nio-8080-exec-348] org.apache.catalina.startup.HostConfig.undeploy Repliegue (undeploy) de la aplicación web que tiene como trayectoria de contexto [/SaludClick]
04-Oct-2026 21:56:41.149 INFO [http-nio-8080-exec-353] org.apache.catalina.startup.HostConfig.deployDescriptor Desplieque del descriptor de configuración [C:\Users\nigue\OneDrive\Documentos\apache-tomcat-9.0.122\conf\Catalina\localhost\SaludClick.xml]
04-Oct-2026 21:56:41.266 WARNING [http-nio-8080-exec-353] org.apache.catalina.startup.HostConfig.deployDescriptor The path attribute with value [/SaludClick] in deployment descriptor [C:\Users\nigue\OneDrive\Documentos\apache-tomcat-9.0.122\conf\Catalina\localhost\SaludClick.xml] has been ignored
04-Oct-2026 21:56:42.907 INFO [http-nio-8080-exec-353] org.apache.jasper.servlet.TldScanner.scanJars Al menos un JAR, que se ha explorado buscando TLDs, aún no contenía TLDs. Activar historial de depuración para este historiador para una completa lista de los JARs que fueron explorados y de los que nos se halló TLDs. Saltarse JARs no necesarios durante la exploración puede dar lugar a una mejora de tiempo significativa en el arranque y compilación de JSP .
04-Oct-2026 21:56:42.923 INFO [http-nio-8080-exec-353] org.apache.catalina.startup.HostConfig.deployDescriptor Deployment of deployment descriptor [C:\Users\nigue\OneDrive\Documentos\apache-tomcat-9.0.122\conf\Catalina\localhost\SaludClick.xml] has finished in [1.777] ms
04-Oct-2026 21:56:42.931 INFO [http-nio-8080-exec-354] org.apache.catalina.util.LifecycleBase.start The start() method was called on component [StandardEngine[Catalina].StandardHost[localhost].StandardContext[/SaludClick]] after start() had already been called. The second call will be ignored.
04-Oct-2026 22:09:13.659 WARNING [http-nio-8080-exec-355] org.apache.catalina.loader.WebappClassLoaderBase.clearReferencesJdbc La aplicación web [SaludClick] registró el conductor JDBC [com.mysql.cj.jdbc.Driver] pero falló al anular el registro mientras la aplicación web estaba parada. Para prevenir un fallo de memoria, se ha anulado el registro del conductor JDBC por la fuerza.
04-Oct-2026 22:09:13.667 WARNING [http-nio-8080-exec-355] org.apache.catalina.loader.WebappClassLoaderBase.clearReferencesThreads The web application [SaludClick] appears to have started a thread named [mysql-cj-abandoned-connection-cleanup] but has failed to stop it. This is very likely to create a memory leak. Stack trace of thread:
 java.base/java.lang.Object.wait0(Native Method)
 java.base/java.lang.Object.wait(Object.java:391)
 java.base/java.lang.ref.ReferenceQueue.remove0(ReferenceQueue.java:123)
 java.base/java.lang.ref.ReferenceQueue.remove(ReferenceQueue.java:201)
 com.mysql.cj.jdbc.AbandonedConnectionCleanupThread.run(AbandonedConnectionCleanupThread.java:84)
 java.base/java.util.concurrent.ThreadPoolExecutor.runWorker(ThreadPoolExecutor.java:1090)
 java.base/java.util.concurrent.ThreadPoolExecutor$Worker.run(ThreadPoolExecutor.java:614)
 java.base/java.lang.Thread.run(Thread.java:1516)
04-Oct-2026 22:09:14.199 INFO [http-nio-8080-exec-355] org.apache.catalina.startup.HostConfig.undeploy Repliegue (undeploy) de la aplicación web que tiene como trayectoria de contexto [/SaludClick]
04-Oct-2026 22:09:17.552 INFO [mysql-cj-abandoned-connection-cleanup] org.apache.catalina.loader.WebappClassLoaderBase.checkStateForResourceLoading Acceso ilegal: esta instancia de aplicación web ya ha sido parada.  Could not load [].  La eventual traza de pila que sigue ha sido motivada por un error lanzado con motivos de depuración así como para intentar terminar el hilo que motivó el acceso ilegal y no tiene impacto funcional.
	java.lang.IllegalStateException: Acceso ilegal: esta instancia de aplicación web ya ha sido parada.  Could not load [].  La eventual traza de pila que sigue ha sido motivada por un error lanzado con motivos de depuración así como para intentar terminar el hilo que motivó el acceso ilegal y no tiene impacto funcional.
		at org.apache.catalina.loader.WebappClassLoaderBase.checkStateForResourceLoading(WebappClassLoaderBase.java:1474)
		at org.apache.catalina.loader.WebappClassLoaderBase.getResource(WebappClassLoaderBase.java:1077)
		at com.mysql.cj.jdbc.AbandonedConnectionCleanupThread.checkThreadContextClassLoader(AbandonedConnectionCleanupThread.java:116)
		at com.mysql.cj.jdbc.AbandonedConnectionCleanupThread.run(AbandonedConnectionCleanupThread.java:83)
		at java.base/java.util.concurrent.ThreadPoolExecutor.runWorker(ThreadPoolExecutor.java:1090)
		at java.base/java.util.concurrent.ThreadPoolExecutor$Worker.run(ThreadPoolExecutor.java:614)
		at java.base/java.lang.Thread.run(Thread.java:1516)
04-Oct-2026 22:18:27.727 INFO [http-nio-8080-exec-366] org.apache.catalina.startup.HostConfig.deployDescriptor Desplieque del descriptor de configuración [C:\Users\nigue\OneDrive\Documentos\apache-tomcat-9.0.122\conf\Catalina\localhost\SaludClick.xml]
04-Oct-2026 22:18:27.957 WARNING [http-nio-8080-exec-366] org.apache.catalina.startup.HostConfig.deployDescriptor The path attribute with value [/SaludClick] in deployment descriptor [C:\Users\nigue\OneDrive\Documentos\apache-tomcat-9.0.122\conf\Catalina\localhost\SaludClick.xml] has been ignored
04-Oct-2026 22:18:30.887 INFO [http-nio-8080-exec-366] org.apache.jasper.servlet.TldScanner.scanJars Al menos un JAR, que se ha explorado buscando TLDs, aún no contenía TLDs. Activar historial de depuración para este historiador para una completa lista de los JARs que fueron explorados y de los que nos se halló TLDs. Saltarse JARs no necesarios durante la exploración puede dar lugar a una mejora de tiempo significativa en el arranque y compilación de JSP .
04-Oct-2026 22:18:30.965 INFO [http-nio-8080-exec-366] org.apache.catalina.startup.HostConfig.deployDescriptor Deployment of deployment descriptor [C:\Users\nigue\OneDrive\Documentos\apache-tomcat-9.0.122\conf\Catalina\localhost\SaludClick.xml] has finished in [3.233] ms
04-Oct-2026 22:18:30.976 INFO [http-nio-8080-exec-368] org.apache.catalina.util.LifecycleBase.start The start() method was called on component [StandardEngine[Catalina].StandardHost[localhost].StandardContext[/SaludClick]] after start() had already been called. The second call will be ignored.
