03-Oct-2026 13:37:45.413 INFO [main] org.apache.catalina.core.ApplicationContext.log ContextListener: contextInitialized()
03-Oct-2026 13:37:45.414 INFO [main] org.apache.catalina.core.ApplicationContext.log SessionListener: contextInitialized()
03-Oct-2026 13:37:45.421 INFO [main] org.apache.catalina.core.ApplicationContext.log ContextListener: attributeAdded('StockTicker', 'async.Stockticker@5dbe30be')
03-Oct-2026 15:35:34.675 INFO [main] org.apache.catalina.core.ApplicationContext.log SessionListener: contextDestroyed()
03-Oct-2026 15:35:34.675 INFO [main] org.apache.catalina.core.ApplicationContext.log ContextListener: contextDestroyed()
03-Oct-2026 15:45:54.872 INFO [main] org.apache.catalina.core.ApplicationContext.log ContextListener: contextInitialized()
03-Oct-2026 15:45:54.872 INFO [main] org.apache.catalina.core.ApplicationContext.log SessionListener: contextInitialized()
03-Oct-2026 15:45:54.877 INFO [main] org.apache.catalina.core.ApplicationContext.log ContextListener: attributeAdded('StockTicker', 'async.Stockticker@66ba7e45')
03-Oct-2026 16:21:16.268 INFO [main] org.apache.catalina.core.ApplicationContext.log SessionListener: contextDestroyed()
03-Oct-2026 16:21:16.269 INFO [main] org.apache.catalina.core.ApplicationContext.log ContextListener: contextDestroyed()
03-Oct-2026 16:26:26.767 INFO [main] org.apache.catalina.core.ApplicationContext.log ContextListener: contextInitialized()
03-Oct-2026 16:26:26.767 INFO [main] org.apache.catalina.core.ApplicationContext.log SessionListener: contextInitialized()
03-Oct-2026 16:26:26.773 INFO [main] org.apache.catalina.core.ApplicationContext.log ContextListener: attributeAdded('StockTicker', 'async.Stockticker@452ba1db')
03-Oct-2026 16:49:50.231 INFO [main] org.apache.catalina.core.ApplicationContext.log SessionListener: contextDestroyed()
03-Oct-2026 16:49:50.231 INFO [main] org.apache.catalina.core.ApplicationContext.log ContextListener: contextDestroyed()
03-Oct-2026 16:49:59.466 INFO [main] org.apache.catalina.core.ApplicationContext.log ContextListener: contextInitialized()
03-Oct-2026 16:49:59.466 INFO [main] org.apache.catalina.core.ApplicationContext.log SessionListener: contextInitialized()
03-Oct-2026 16:49:59.471 INFO [main] org.apache.catalina.core.ApplicationContext.log ContextListener: attributeAdded('StockTicker', 'async.Stockticker@4f936da8')
03-Oct-2026 18:03:32.297 SEVERE [http-nio-8080-exec-64] org.apache.catalina.core.StandardWrapperValve.invoke El Servlet.service() para el servlet [jsp] en el contexto con ruta [/SaludClick] lanzó la excepción [org.apache.jasper.JasperException: No se puede compilar la clase para JSP: 

Ha tenido lugar un error en la línea: [84] en el archivo jsp: [/panel_paciente.jsp]
The method print(boolean) in the type JspWriter is not applicable for the arguments ()
81:                 <h3>Agendar Nueva Cita</h3>
82:                 <form action="ProgramarCitaServlet" method="POST">
83:                     
84:                       <!-- AHORA ES AUTOMÁTICO: El sistema inyecta el DNI de la sesión usando código Java <%= %> -->
85:                     <input type="hidden" name="numeroDocumento" value="<%= dniSesion %>"> 
86: 
87:                     <label for="establecimiento">Establecimiento de Salud:</label>


Stacktrace:] con causa raíz
	org.apache.jasper.JasperException: No se puede compilar la clase para JSP: 

Ha tenido lugar un error en la línea: [84] en el archivo jsp: [/panel_paciente.jsp]
The method print(boolean) in the type JspWriter is not applicable for the arguments ()
81:                 <h3>Agendar Nueva Cita</h3>
82:                 <form action="ProgramarCitaServlet" method="POST">
83:                     
84:                       <!-- AHORA ES AUTOMÁTICO: El sistema inyecta el DNI de la sesión usando código Java <%= %> -->
85:                     <input type="hidden" name="numeroDocumento" value="<%= dniSesion %>"> 
86: 
87:                     <label for="establecimiento">Establecimiento de Salud:</label>


Stacktrace:
		at org.apache.jasper.compiler.DefaultErrorHandler.javacError(DefaultErrorHandler.java:70)
		at org.apache.jasper.compiler.ErrorDispatcher.javacError(ErrorDispatcher.java:189)
		at org.apache.jasper.compiler.JDTCompiler.generateClass(JDTCompiler.java:611)
		at org.apache.jasper.compiler.Compiler.compile(Compiler.java:406)
		at org.apache.jasper.compiler.Compiler.compile(Compiler.java:378)
		at org.apache.jasper.compiler.Compiler.compile(Compiler.java:364)
		at org.apache.jasper.JspCompilationContext.compile(JspCompilationContext.java:735)
		at org.apache.jasper.servlet.JspServletWrapper.service(JspServletWrapper.java:444)
		at org.apache.jasper.servlet.JspServlet.serviceJspFile(JspServlet.java:358)
		at org.apache.jasper.servlet.JspServlet.service(JspServlet.java:309)
		at javax.servlet.http.HttpServlet.service(HttpServlet.java:623)
		at org.apache.catalina.core.ApplicationFilterChain.internalDoFilter(ApplicationFilterChain.java:201)
		at org.apache.catalina.core.ApplicationFilterChain.doFilter(ApplicationFilterChain.java:146)
		at org.apache.tomcat.websocket.server.WsFilter.doFilter(WsFilter.java:57)
		at org.apache.catalina.core.ApplicationFilterChain.internalDoFilter(ApplicationFilterChain.java:170)
		at org.apache.catalina.core.ApplicationFilterChain.doFilter(ApplicationFilterChain.java:146)
		at org.apache.catalina.core.StandardWrapperValve.invoke(StandardWrapperValve.java:167)
		at org.apache.catalina.core.StandardContextValve.invoke(StandardContextValve.java:88)
		at org.apache.catalina.authenticator.AuthenticatorBase.invoke(AuthenticatorBase.java:539)
		at org.apache.catalina.core.StandardHostValve.invoke(StandardHostValve.java:129)
		at org.apache.catalina.valves.ErrorReportValve.invoke(ErrorReportValve.java:86)
		at org.apache.catalina.valves.AbstractAccessLogValve.invoke(AbstractAccessLogValve.java:764)
		at org.apache.catalina.core.StandardEngineValve.invoke(StandardEngineValve.java:71)
		at org.apache.catalina.connector.CoyoteAdapter.service(CoyoteAdapter.java:350)
		at org.apache.coyote.http11.Http11Processor.service(Http11Processor.java:409)
		at org.apache.coyote.AbstractProcessorLight.process(AbstractProcessorLight.java:71)
		at org.apache.coyote.AbstractProtocol$ConnectionHandler.process(AbstractProtocol.java:1344)
		at org.apache.tomcat.util.net.NioEndpoint$SocketProcessor.doRun(NioEndpoint.java:2254)
		at org.apache.tomcat.util.net.SocketProcessorBase.run(SocketProcessorBase.java:74)
		at org.apache.tomcat.util.threads.ThreadPoolExecutor.runWorker(ThreadPoolExecutor.java:976)
		at org.apache.tomcat.util.threads.ThreadPoolExecutor$Worker.run(ThreadPoolExecutor.java:494)
		at org.apache.tomcat.util.threads.TaskThread$WrappingRunnable.run(TaskThread.java:80)
		at java.base/java.lang.Thread.run(Thread.java:1516)
03-Oct-2026 18:03:51.066 SEVERE [http-nio-8080-exec-67] org.apache.catalina.core.StandardWrapperValve.invoke El Servlet.service() para el servlet [jsp] en el contexto con ruta [/SaludClick] lanzó la excepción [org.apache.jasper.JasperException: No se puede compilar la clase para JSP: 

Ha tenido lugar un error en la línea: [84] en el archivo jsp: [/panel_paciente.jsp]
The method print(boolean) in the type JspWriter is not applicable for the arguments ()
81:                 <h3>Agendar Nueva Cita</h3>
82:                 <form action="ProgramarCitaServlet" method="POST">
83:                     
84:                       <!-- AHORA ES AUTOMÁTICO: El sistema inyecta el DNI de la sesión usando código Java <%= %> -->
85:                     <input type="hidden" name="numeroDocumento" value="<%= dniSesion %>"> 
86: 
87:                     <label for="establecimiento">Establecimiento de Salud:</label>


Stacktrace:] con causa raíz
	org.apache.jasper.JasperException: No se puede compilar la clase para JSP: 

Ha tenido lugar un error en la línea: [84] en el archivo jsp: [/panel_paciente.jsp]
The method print(boolean) in the type JspWriter is not applicable for the arguments ()
81:                 <h3>Agendar Nueva Cita</h3>
82:                 <form action="ProgramarCitaServlet" method="POST">
83:                     
84:                       <!-- AHORA ES AUTOMÁTICO: El sistema inyecta el DNI de la sesión usando código Java <%= %> -->
85:                     <input type="hidden" name="numeroDocumento" value="<%= dniSesion %>"> 
86: 
87:                     <label for="establecimiento">Establecimiento de Salud:</label>


Stacktrace:
		at org.apache.jasper.compiler.DefaultErrorHandler.javacError(DefaultErrorHandler.java:70)
		at org.apache.jasper.compiler.ErrorDispatcher.javacError(ErrorDispatcher.java:189)
		at org.apache.jasper.compiler.JDTCompiler.generateClass(JDTCompiler.java:611)
		at org.apache.jasper.compiler.Compiler.compile(Compiler.java:406)
		at org.apache.jasper.compiler.Compiler.compile(Compiler.java:378)
		at org.apache.jasper.compiler.Compiler.compile(Compiler.java:364)
		at org.apache.jasper.JspCompilationContext.compile(JspCompilationContext.java:735)
		at org.apache.jasper.servlet.JspServletWrapper.service(JspServletWrapper.java:444)
		at org.apache.jasper.servlet.JspServlet.serviceJspFile(JspServlet.java:358)
		at org.apache.jasper.servlet.JspServlet.service(JspServlet.java:309)
		at javax.servlet.http.HttpServlet.service(HttpServlet.java:623)
		at org.apache.catalina.core.ApplicationFilterChain.internalDoFilter(ApplicationFilterChain.java:201)
		at org.apache.catalina.core.ApplicationFilterChain.doFilter(ApplicationFilterChain.java:146)
		at org.apache.tomcat.websocket.server.WsFilter.doFilter(WsFilter.java:57)
		at org.apache.catalina.core.ApplicationFilterChain.internalDoFilter(ApplicationFilterChain.java:170)
		at org.apache.catalina.core.ApplicationFilterChain.doFilter(ApplicationFilterChain.java:146)
		at org.apache.catalina.core.StandardWrapperValve.invoke(StandardWrapperValve.java:167)
		at org.apache.catalina.core.StandardContextValve.invoke(StandardContextValve.java:88)
		at org.apache.catalina.authenticator.AuthenticatorBase.invoke(AuthenticatorBase.java:539)
		at org.apache.catalina.core.StandardHostValve.invoke(StandardHostValve.java:129)
		at org.apache.catalina.valves.ErrorReportValve.invoke(ErrorReportValve.java:86)
		at org.apache.catalina.valves.AbstractAccessLogValve.invoke(AbstractAccessLogValve.java:764)
		at org.apache.catalina.core.StandardEngineValve.invoke(StandardEngineValve.java:71)
		at org.apache.catalina.connector.CoyoteAdapter.service(CoyoteAdapter.java:350)
		at org.apache.coyote.http11.Http11Processor.service(Http11Processor.java:409)
		at org.apache.coyote.AbstractProcessorLight.process(AbstractProcessorLight.java:71)
		at org.apache.coyote.AbstractProtocol$ConnectionHandler.process(AbstractProtocol.java:1344)
		at org.apache.tomcat.util.net.NioEndpoint$SocketProcessor.doRun(NioEndpoint.java:2254)
		at org.apache.tomcat.util.net.SocketProcessorBase.run(SocketProcessorBase.java:74)
		at org.apache.tomcat.util.threads.ThreadPoolExecutor.runWorker(ThreadPoolExecutor.java:976)
		at org.apache.tomcat.util.threads.ThreadPoolExecutor$Worker.run(ThreadPoolExecutor.java:494)
		at org.apache.tomcat.util.threads.TaskThread$WrappingRunnable.run(TaskThread.java:80)
		at java.base/java.lang.Thread.run(Thread.java:1516)
03-Oct-2026 18:03:57.214 SEVERE [http-nio-8080-exec-69] org.apache.catalina.core.StandardWrapperValve.invoke El Servlet.service() para el servlet [jsp] en el contexto con ruta [/SaludClick] lanzó la excepción [org.apache.jasper.JasperException: No se puede compilar la clase para JSP: 

Ha tenido lugar un error en la línea: [84] en el archivo jsp: [/panel_paciente.jsp]
The method print(boolean) in the type JspWriter is not applicable for the arguments ()
81:                 <h3>Agendar Nueva Cita</h3>
82:                 <form action="ProgramarCitaServlet" method="POST">
83:                     
84:                       <!-- AHORA ES AUTOMÁTICO: El sistema inyecta el DNI de la sesión usando código Java <%= %> -->
85:                     <input type="hidden" name="numeroDocumento" value="<%= dniSesion %>"> 
86: 
87:                     <label for="establecimiento">Establecimiento de Salud:</label>


Stacktrace:] con causa raíz
	org.apache.jasper.JasperException: No se puede compilar la clase para JSP: 

Ha tenido lugar un error en la línea: [84] en el archivo jsp: [/panel_paciente.jsp]
The method print(boolean) in the type JspWriter is not applicable for the arguments ()
81:                 <h3>Agendar Nueva Cita</h3>
82:                 <form action="ProgramarCitaServlet" method="POST">
83:                     
84:                       <!-- AHORA ES AUTOMÁTICO: El sistema inyecta el DNI de la sesión usando código Java <%= %> -->
85:                     <input type="hidden" name="numeroDocumento" value="<%= dniSesion %>"> 
86: 
87:                     <label for="establecimiento">Establecimiento de Salud:</label>


Stacktrace:
		at org.apache.jasper.compiler.DefaultErrorHandler.javacError(DefaultErrorHandler.java:70)
		at org.apache.jasper.compiler.ErrorDispatcher.javacError(ErrorDispatcher.java:189)
		at org.apache.jasper.compiler.JDTCompiler.generateClass(JDTCompiler.java:611)
		at org.apache.jasper.compiler.Compiler.compile(Compiler.java:406)
		at org.apache.jasper.compiler.Compiler.compile(Compiler.java:378)
		at org.apache.jasper.compiler.Compiler.compile(Compiler.java:364)
		at org.apache.jasper.JspCompilationContext.compile(JspCompilationContext.java:735)
		at org.apache.jasper.servlet.JspServletWrapper.service(JspServletWrapper.java:444)
		at org.apache.jasper.servlet.JspServlet.serviceJspFile(JspServlet.java:358)
		at org.apache.jasper.servlet.JspServlet.service(JspServlet.java:309)
		at javax.servlet.http.HttpServlet.service(HttpServlet.java:623)
		at org.apache.catalina.core.ApplicationFilterChain.internalDoFilter(ApplicationFilterChain.java:201)
		at org.apache.catalina.core.ApplicationFilterChain.doFilter(ApplicationFilterChain.java:146)
		at org.apache.tomcat.websocket.server.WsFilter.doFilter(WsFilter.java:57)
		at org.apache.catalina.core.ApplicationFilterChain.internalDoFilter(ApplicationFilterChain.java:170)
		at org.apache.catalina.core.ApplicationFilterChain.doFilter(ApplicationFilterChain.java:146)
		at org.apache.catalina.core.StandardWrapperValve.invoke(StandardWrapperValve.java:167)
		at org.apache.catalina.core.StandardContextValve.invoke(StandardContextValve.java:88)
		at org.apache.catalina.authenticator.AuthenticatorBase.invoke(AuthenticatorBase.java:539)
		at org.apache.catalina.core.StandardHostValve.invoke(StandardHostValve.java:129)
		at org.apache.catalina.valves.ErrorReportValve.invoke(ErrorReportValve.java:86)
		at org.apache.catalina.valves.AbstractAccessLogValve.invoke(AbstractAccessLogValve.java:764)
		at org.apache.catalina.core.StandardEngineValve.invoke(StandardEngineValve.java:71)
		at org.apache.catalina.connector.CoyoteAdapter.service(CoyoteAdapter.java:350)
		at org.apache.coyote.http11.Http11Processor.service(Http11Processor.java:409)
		at org.apache.coyote.AbstractProcessorLight.process(AbstractProcessorLight.java:71)
		at org.apache.coyote.AbstractProtocol$ConnectionHandler.process(AbstractProtocol.java:1344)
		at org.apache.tomcat.util.net.NioEndpoint$SocketProcessor.doRun(NioEndpoint.java:2254)
		at org.apache.tomcat.util.net.SocketProcessorBase.run(SocketProcessorBase.java:74)
		at org.apache.tomcat.util.threads.ThreadPoolExecutor.runWorker(ThreadPoolExecutor.java:976)
		at org.apache.tomcat.util.threads.ThreadPoolExecutor$Worker.run(ThreadPoolExecutor.java:494)
		at org.apache.tomcat.util.threads.TaskThread$WrappingRunnable.run(TaskThread.java:80)
		at java.base/java.lang.Thread.run(Thread.java:1516)
03-Oct-2026 18:05:52.242 SEVERE [http-nio-8080-exec-67] org.apache.catalina.core.StandardWrapperValve.invoke El Servlet.service() para el servlet [jsp] en el contexto con ruta [/SaludClick] lanzó la excepción [org.apache.jasper.JasperException: No se puede compilar la clase para JSP: 

Ha tenido lugar un error en la línea: [84] en el archivo jsp: [/panel_paciente.jsp]
The method print(boolean) in the type JspWriter is not applicable for the arguments ()
81:                 <h3>Agendar Nueva Cita</h3>
82:                 <form action="ProgramarCitaServlet" method="POST">
83:                     
84:                       <!-- AHORA ES AUTOMÁTICO: El sistema inyecta el DNI de la sesión usando código Java <%= %> -->
85:                     <input type="hidden" name="numeroDocumento" value="<%= dniSesion %>"> 
86: 
87:                     <label for="establecimiento">Establecimiento de Salud:</label>


Stacktrace:] con causa raíz
	org.apache.jasper.JasperException: No se puede compilar la clase para JSP: 

Ha tenido lugar un error en la línea: [84] en el archivo jsp: [/panel_paciente.jsp]
The method print(boolean) in the type JspWriter is not applicable for the arguments ()
81:                 <h3>Agendar Nueva Cita</h3>
82:                 <form action="ProgramarCitaServlet" method="POST">
83:                     
84:                       <!-- AHORA ES AUTOMÁTICO: El sistema inyecta el DNI de la sesión usando código Java <%= %> -->
85:                     <input type="hidden" name="numeroDocumento" value="<%= dniSesion %>"> 
86: 
87:                     <label for="establecimiento">Establecimiento de Salud:</label>


Stacktrace:
		at org.apache.jasper.compiler.DefaultErrorHandler.javacError(DefaultErrorHandler.java:70)
		at org.apache.jasper.compiler.ErrorDispatcher.javacError(ErrorDispatcher.java:189)
		at org.apache.jasper.compiler.JDTCompiler.generateClass(JDTCompiler.java:611)
		at org.apache.jasper.compiler.Compiler.compile(Compiler.java:406)
		at org.apache.jasper.compiler.Compiler.compile(Compiler.java:378)
		at org.apache.jasper.compiler.Compiler.compile(Compiler.java:364)
		at org.apache.jasper.JspCompilationContext.compile(JspCompilationContext.java:735)
		at org.apache.jasper.servlet.JspServletWrapper.service(JspServletWrapper.java:444)
		at org.apache.jasper.servlet.JspServlet.serviceJspFile(JspServlet.java:358)
		at org.apache.jasper.servlet.JspServlet.service(JspServlet.java:309)
		at javax.servlet.http.HttpServlet.service(HttpServlet.java:623)
		at org.apache.catalina.core.ApplicationFilterChain.internalDoFilter(ApplicationFilterChain.java:201)
		at org.apache.catalina.core.ApplicationFilterChain.doFilter(ApplicationFilterChain.java:146)
		at org.apache.tomcat.websocket.server.WsFilter.doFilter(WsFilter.java:57)
		at org.apache.catalina.core.ApplicationFilterChain.internalDoFilter(ApplicationFilterChain.java:170)
		at org.apache.catalina.core.ApplicationFilterChain.doFilter(ApplicationFilterChain.java:146)
		at org.apache.catalina.core.StandardWrapperValve.invoke(StandardWrapperValve.java:167)
		at org.apache.catalina.core.StandardContextValve.invoke(StandardContextValve.java:88)
		at org.apache.catalina.authenticator.AuthenticatorBase.invoke(AuthenticatorBase.java:539)
		at org.apache.catalina.core.StandardHostValve.invoke(StandardHostValve.java:129)
		at org.apache.catalina.valves.ErrorReportValve.invoke(ErrorReportValve.java:86)
		at org.apache.catalina.valves.AbstractAccessLogValve.invoke(AbstractAccessLogValve.java:764)
		at org.apache.catalina.core.StandardEngineValve.invoke(StandardEngineValve.java:71)
		at org.apache.catalina.connector.CoyoteAdapter.service(CoyoteAdapter.java:350)
		at org.apache.coyote.http11.Http11Processor.service(Http11Processor.java:409)
		at org.apache.coyote.AbstractProcessorLight.process(AbstractProcessorLight.java:71)
		at org.apache.coyote.AbstractProtocol$ConnectionHandler.process(AbstractProtocol.java:1344)
		at org.apache.tomcat.util.net.NioEndpoint$SocketProcessor.doRun(NioEndpoint.java:2254)
		at org.apache.tomcat.util.net.SocketProcessorBase.run(SocketProcessorBase.java:74)
		at org.apache.tomcat.util.threads.ThreadPoolExecutor.runWorker(ThreadPoolExecutor.java:976)
		at org.apache.tomcat.util.threads.ThreadPoolExecutor$Worker.run(ThreadPoolExecutor.java:494)
		at org.apache.tomcat.util.threads.TaskThread$WrappingRunnable.run(TaskThread.java:80)
		at java.base/java.lang.Thread.run(Thread.java:1516)
03-Oct-2026 18:06:08.722 SEVERE [http-nio-8080-exec-70] org.apache.catalina.core.StandardWrapperValve.invoke El Servlet.service() para el servlet [jsp] en el contexto con ruta [/SaludClick] lanzó la excepción [org.apache.jasper.JasperException: No se puede compilar la clase para JSP: 

Ha tenido lugar un error en la línea: [84] en el archivo jsp: [/panel_paciente.jsp]
The method print(boolean) in the type JspWriter is not applicable for the arguments ()
81:                 <h3>Agendar Nueva Cita</h3>
82:                 <form action="ProgramarCitaServlet" method="POST">
83:                     
84:                       <!-- AHORA ES AUTOMÁTICO: El sistema inyecta el DNI de la sesión usando código Java <%= %> -->
85:                     <input type="hidden" name="numeroDocumento" value="<%= dniSesion %>"> 
86: 
87:                     <label for="establecimiento">Establecimiento de Salud:</label>


Stacktrace:] con causa raíz
	org.apache.jasper.JasperException: No se puede compilar la clase para JSP: 

Ha tenido lugar un error en la línea: [84] en el archivo jsp: [/panel_paciente.jsp]
The method print(boolean) in the type JspWriter is not applicable for the arguments ()
81:                 <h3>Agendar Nueva Cita</h3>
82:                 <form action="ProgramarCitaServlet" method="POST">
83:                     
84:                       <!-- AHORA ES AUTOMÁTICO: El sistema inyecta el DNI de la sesión usando código Java <%= %> -->
85:                     <input type="hidden" name="numeroDocumento" value="<%= dniSesion %>"> 
86: 
87:                     <label for="establecimiento">Establecimiento de Salud:</label>


Stacktrace:
		at org.apache.jasper.compiler.DefaultErrorHandler.javacError(DefaultErrorHandler.java:70)
		at org.apache.jasper.compiler.ErrorDispatcher.javacError(ErrorDispatcher.java:189)
		at org.apache.jasper.compiler.JDTCompiler.generateClass(JDTCompiler.java:611)
		at org.apache.jasper.compiler.Compiler.compile(Compiler.java:406)
		at org.apache.jasper.compiler.Compiler.compile(Compiler.java:378)
		at org.apache.jasper.compiler.Compiler.compile(Compiler.java:364)
		at org.apache.jasper.JspCompilationContext.compile(JspCompilationContext.java:735)
		at org.apache.jasper.servlet.JspServletWrapper.service(JspServletWrapper.java:444)
		at org.apache.jasper.servlet.JspServlet.serviceJspFile(JspServlet.java:358)
		at org.apache.jasper.servlet.JspServlet.service(JspServlet.java:309)
		at javax.servlet.http.HttpServlet.service(HttpServlet.java:623)
		at org.apache.catalina.core.ApplicationFilterChain.internalDoFilter(ApplicationFilterChain.java:201)
		at org.apache.catalina.core.ApplicationFilterChain.doFilter(ApplicationFilterChain.java:146)
		at org.apache.tomcat.websocket.server.WsFilter.doFilter(WsFilter.java:57)
		at org.apache.catalina.core.ApplicationFilterChain.internalDoFilter(ApplicationFilterChain.java:170)
		at org.apache.catalina.core.ApplicationFilterChain.doFilter(ApplicationFilterChain.java:146)
		at org.apache.catalina.core.StandardWrapperValve.invoke(StandardWrapperValve.java:167)
		at org.apache.catalina.core.StandardContextValve.invoke(StandardContextValve.java:88)
		at org.apache.catalina.authenticator.AuthenticatorBase.invoke(AuthenticatorBase.java:539)
		at org.apache.catalina.core.StandardHostValve.invoke(StandardHostValve.java:129)
		at org.apache.catalina.valves.ErrorReportValve.invoke(ErrorReportValve.java:86)
		at org.apache.catalina.valves.AbstractAccessLogValve.invoke(AbstractAccessLogValve.java:764)
		at org.apache.catalina.core.StandardEngineValve.invoke(StandardEngineValve.java:71)
		at org.apache.catalina.connector.CoyoteAdapter.service(CoyoteAdapter.java:350)
		at org.apache.coyote.http11.Http11Processor.service(Http11Processor.java:409)
		at org.apache.coyote.AbstractProcessorLight.process(AbstractProcessorLight.java:71)
		at org.apache.coyote.AbstractProtocol$ConnectionHandler.process(AbstractProtocol.java:1344)
		at org.apache.tomcat.util.net.NioEndpoint$SocketProcessor.doRun(NioEndpoint.java:2254)
		at org.apache.tomcat.util.net.SocketProcessorBase.run(SocketProcessorBase.java:74)
		at org.apache.tomcat.util.threads.ThreadPoolExecutor.runWorker(ThreadPoolExecutor.java:976)
		at org.apache.tomcat.util.threads.ThreadPoolExecutor$Worker.run(ThreadPoolExecutor.java:494)
		at org.apache.tomcat.util.threads.TaskThread$WrappingRunnable.run(TaskThread.java:80)
		at java.base/java.lang.Thread.run(Thread.java:1516)
03-Oct-2026 18:10:37.360 SEVERE [http-nio-8080-exec-71] org.apache.catalina.core.StandardWrapperValve.invoke El Servlet.service() para el servlet [jsp] en el contexto con ruta [/SaludClick] lanzó la excepción [org.apache.jasper.JasperException: No se puede compilar la clase para JSP: 

Ha tenido lugar un error en la línea: [84] en el archivo jsp: [/panel_paciente.jsp]
The method print(boolean) in the type JspWriter is not applicable for the arguments ()
81:                 <h3>Agendar Nueva Cita</h3>
82:                 <form action="ProgramarCitaServlet" method="POST">
83:                     
84:                       <!-- AHORA ES AUTOMÁTICO: El sistema inyecta el DNI de la sesión usando código Java <%= %> -->
85:                     <input type="hidden" name="numeroDocumento" value="<%=dniSesion%>"> 
86: 
87:                     <label for="establecimiento">Establecimiento de Salud:</label>


Stacktrace:] con causa raíz
	org.apache.jasper.JasperException: No se puede compilar la clase para JSP: 

Ha tenido lugar un error en la línea: [84] en el archivo jsp: [/panel_paciente.jsp]
The method print(boolean) in the type JspWriter is not applicable for the arguments ()
81:                 <h3>Agendar Nueva Cita</h3>
82:                 <form action="ProgramarCitaServlet" method="POST">
83:                     
84:                       <!-- AHORA ES AUTOMÁTICO: El sistema inyecta el DNI de la sesión usando código Java <%= %> -->
85:                     <input type="hidden" name="numeroDocumento" value="<%=dniSesion%>"> 
86: 
87:                     <label for="establecimiento">Establecimiento de Salud:</label>


Stacktrace:
		at org.apache.jasper.compiler.DefaultErrorHandler.javacError(DefaultErrorHandler.java:70)
		at org.apache.jasper.compiler.ErrorDispatcher.javacError(ErrorDispatcher.java:189)
		at org.apache.jasper.compiler.JDTCompiler.generateClass(JDTCompiler.java:611)
		at org.apache.jasper.compiler.Compiler.compile(Compiler.java:406)
		at org.apache.jasper.compiler.Compiler.compile(Compiler.java:378)
		at org.apache.jasper.compiler.Compiler.compile(Compiler.java:364)
		at org.apache.jasper.JspCompilationContext.compile(JspCompilationContext.java:735)
		at org.apache.jasper.servlet.JspServletWrapper.service(JspServletWrapper.java:444)
		at org.apache.jasper.servlet.JspServlet.serviceJspFile(JspServlet.java:358)
		at org.apache.jasper.servlet.JspServlet.service(JspServlet.java:309)
		at javax.servlet.http.HttpServlet.service(HttpServlet.java:623)
		at org.apache.catalina.core.ApplicationFilterChain.internalDoFilter(ApplicationFilterChain.java:201)
		at org.apache.catalina.core.ApplicationFilterChain.doFilter(ApplicationFilterChain.java:146)
		at org.apache.tomcat.websocket.server.WsFilter.doFilter(WsFilter.java:57)
		at org.apache.catalina.core.ApplicationFilterChain.internalDoFilter(ApplicationFilterChain.java:170)
		at org.apache.catalina.core.ApplicationFilterChain.doFilter(ApplicationFilterChain.java:146)
		at org.apache.catalina.core.StandardWrapperValve.invoke(StandardWrapperValve.java:167)
		at org.apache.catalina.core.StandardContextValve.invoke(StandardContextValve.java:88)
		at org.apache.catalina.authenticator.AuthenticatorBase.invoke(AuthenticatorBase.java:539)
		at org.apache.catalina.core.StandardHostValve.invoke(StandardHostValve.java:129)
		at org.apache.catalina.valves.ErrorReportValve.invoke(ErrorReportValve.java:86)
		at org.apache.catalina.valves.AbstractAccessLogValve.invoke(AbstractAccessLogValve.java:764)
		at org.apache.catalina.core.StandardEngineValve.invoke(StandardEngineValve.java:71)
		at org.apache.catalina.connector.CoyoteAdapter.service(CoyoteAdapter.java:350)
		at org.apache.coyote.http11.Http11Processor.service(Http11Processor.java:409)
		at org.apache.coyote.AbstractProcessorLight.process(AbstractProcessorLight.java:71)
		at org.apache.coyote.AbstractProtocol$ConnectionHandler.process(AbstractProtocol.java:1344)
		at org.apache.tomcat.util.net.NioEndpoint$SocketProcessor.doRun(NioEndpoint.java:2254)
		at org.apache.tomcat.util.net.SocketProcessorBase.run(SocketProcessorBase.java:74)
		at org.apache.tomcat.util.threads.ThreadPoolExecutor.runWorker(ThreadPoolExecutor.java:976)
		at org.apache.tomcat.util.threads.ThreadPoolExecutor$Worker.run(ThreadPoolExecutor.java:494)
		at org.apache.tomcat.util.threads.TaskThread$WrappingRunnable.run(TaskThread.java:80)
		at java.base/java.lang.Thread.run(Thread.java:1516)
