04-Oct-2026 21:52:56.838 SEVERE [http-nio-8080-exec-344] org.apache.catalina.core.StandardWrapperValve.invoke El Servlet.service() para el servlet [jsp] en el contexto con ruta [/SaludClick] lanzó la excepción [org.apache.jasper.JasperException: No se puede compilar la clase para JSP: 

Ha tenido lugar un error en la línea: [1] en el archivo jsp: [/panel_paciente.jsp]
Syntax error on tokens, delete these tokens
1: <%<%@page import="java.sql.Connection"%>
2: <%@page import="java.sql.Statement"%>
3: <%@page import="java.sql.PreparedStatement"%>
4: <%@page import="java.sql.ResultSet"%>


Ha tenido lugar un error en la línea: [1] en el archivo jsp: [/panel_paciente.jsp]
out.write cannot be resolved to a type
1: <%<%@page import="java.sql.Connection"%>
2: <%@page import="java.sql.Statement"%>
3: <%@page import="java.sql.PreparedStatement"%>
4: <%@page import="java.sql.ResultSet"%>


Ha tenido lugar un error en la línea: [1] en el archivo jsp: [/panel_paciente.jsp]
Syntax error, insert ">" to complete ReferenceType1
1: <%<%@page import="java.sql.Connection"%>
2: <%@page import="java.sql.Statement"%>
3: <%@page import="java.sql.PreparedStatement"%>
4: <%@page import="java.sql.ResultSet"%>


Ha tenido lugar un error en la línea: [1] en el archivo jsp: [/panel_paciente.jsp]
Syntax error, insert "super ( ) ;" to complete Statement
1: <%<%@page import="java.sql.Connection"%>
2: <%@page import="java.sql.Statement"%>
3: <%@page import="java.sql.PreparedStatement"%>
4: <%@page import="java.sql.ResultSet"%>


Ha tenido lugar un error en la línea: [1] en el archivo jsp: [/panel_paciente.jsp]
Constructor call must be the first statement in a constructor
1: <%<%@page import="java.sql.Connection"%>
2: <%@page import="java.sql.Statement"%>
3: <%@page import="java.sql.PreparedStatement"%>
4: <%@page import="java.sql.ResultSet"%>


Ha tenido lugar un error en la línea: [1] en el archivo jsp: [/panel_paciente.jsp]
The left-hand side of an assignment must be a variable
1: <%<%@page import="java.sql.Connection"%>
2: <%@page import="java.sql.Statement"%>
3: <%@page import="java.sql.PreparedStatement"%>
4: <%@page import="java.sql.ResultSet"%>


Ha tenido lugar un error en la línea: [1] en el archivo jsp: [/panel_paciente.jsp]
Syntax error, insert "AssignmentOperator Expression" to complete Expression
1: <%<%@page import="java.sql.Connection"%>
2: <%@page import="java.sql.Statement"%>
3: <%@page import="java.sql.PreparedStatement"%>
4: <%@page import="java.sql.ResultSet"%>


Ha tenido lugar un error en la línea: [20] en el archivo jsp: [/panel_paciente.jsp]
Connection cannot be resolved to a type
17: 
18:     // 3. Consultar el nombre del paciente en la BD
19:     String nombrePaciente = "Paciente";
20:     Connection conNom = null;
21:     PreparedStatement psNom = null;
22:     ResultSet rsNom = null;
23:     try {


Ha tenido lugar un error en la línea: [116] en el archivo jsp: [/panel_paciente.jsp]
Connection cannot be resolved to a type
113:             <h4>🏥 Establecimientos y Clínicas Asociadas Registradas en la Plataforma:</h4>
114:             <div class="establecimientos-grid">
115:                 <%
116:                     Connection conBanner = null;
117:                     Statement stBanner = null;
118:                     ResultSet rsBanner = null;
119:                     try {


Ha tenido lugar un error en la línea: [155] en el archivo jsp: [/panel_paciente.jsp]
Connection cannot be resolved to a type
152:                     <select id="idEstablecimiento" onchange="cargarEspecialidades()" required>
153:                         <option value="">-- Seleccione un establecimiento --</option>
154:                         <%
155:                             Connection conEst = null;
156:                             Statement stEst = null;
157:                             ResultSet rsEst = null;
158:                             try {


Ha tenido lugar un error en la línea: [204] en el archivo jsp: [/panel_paciente.jsp]
Connection cannot be resolved to a type
201:                 <h3>Mis Citas Programadas</h3>
202: 
203:             <%
204:                 Connection conCitas = null;
205:                 PreparedStatement psCitas = null;
206:                 ResultSet rsCitas = null;
207: 


Ha tenido lugar un error en la línea: [266] en el archivo jsp: [/panel_paciente.jsp]
Connection cannot be resolved to a type
263:     <script>
264:         const medicosData = [
265:             <%
266:                 Connection conData = null;
267:                 Statement stData = null;
268:                 ResultSet rsData = null;
269:                 try {


Stacktrace:] con causa raíz
	org.apache.jasper.JasperException: No se puede compilar la clase para JSP: 

Ha tenido lugar un error en la línea: [1] en el archivo jsp: [/panel_paciente.jsp]
Syntax error on tokens, delete these tokens
1: <%<%@page import="java.sql.Connection"%>
2: <%@page import="java.sql.Statement"%>
3: <%@page import="java.sql.PreparedStatement"%>
4: <%@page import="java.sql.ResultSet"%>


Ha tenido lugar un error en la línea: [1] en el archivo jsp: [/panel_paciente.jsp]
out.write cannot be resolved to a type
1: <%<%@page import="java.sql.Connection"%>
2: <%@page import="java.sql.Statement"%>
3: <%@page import="java.sql.PreparedStatement"%>
4: <%@page import="java.sql.ResultSet"%>


Ha tenido lugar un error en la línea: [1] en el archivo jsp: [/panel_paciente.jsp]
Syntax error, insert ">" to complete ReferenceType1
1: <%<%@page import="java.sql.Connection"%>
2: <%@page import="java.sql.Statement"%>
3: <%@page import="java.sql.PreparedStatement"%>
4: <%@page import="java.sql.ResultSet"%>


Ha tenido lugar un error en la línea: [1] en el archivo jsp: [/panel_paciente.jsp]
Syntax error, insert "super ( ) ;" to complete Statement
1: <%<%@page import="java.sql.Connection"%>
2: <%@page import="java.sql.Statement"%>
3: <%@page import="java.sql.PreparedStatement"%>
4: <%@page import="java.sql.ResultSet"%>


Ha tenido lugar un error en la línea: [1] en el archivo jsp: [/panel_paciente.jsp]
Constructor call must be the first statement in a constructor
1: <%<%@page import="java.sql.Connection"%>
2: <%@page import="java.sql.Statement"%>
3: <%@page import="java.sql.PreparedStatement"%>
4: <%@page import="java.sql.ResultSet"%>


Ha tenido lugar un error en la línea: [1] en el archivo jsp: [/panel_paciente.jsp]
The left-hand side of an assignment must be a variable
1: <%<%@page import="java.sql.Connection"%>
2: <%@page import="java.sql.Statement"%>
3: <%@page import="java.sql.PreparedStatement"%>
4: <%@page import="java.sql.ResultSet"%>


Ha tenido lugar un error en la línea: [1] en el archivo jsp: [/panel_paciente.jsp]
Syntax error, insert "AssignmentOperator Expression" to complete Expression
1: <%<%@page import="java.sql.Connection"%>
2: <%@page import="java.sql.Statement"%>
3: <%@page import="java.sql.PreparedStatement"%>
4: <%@page import="java.sql.ResultSet"%>


Ha tenido lugar un error en la línea: [20] en el archivo jsp: [/panel_paciente.jsp]
Connection cannot be resolved to a type
17: 
18:     // 3. Consultar el nombre del paciente en la BD
19:     String nombrePaciente = "Paciente";
20:     Connection conNom = null;
21:     PreparedStatement psNom = null;
22:     ResultSet rsNom = null;
23:     try {


Ha tenido lugar un error en la línea: [116] en el archivo jsp: [/panel_paciente.jsp]
Connection cannot be resolved to a type
113:             <h4>🏥 Establecimientos y Clínicas Asociadas Registradas en la Plataforma:</h4>
114:             <div class="establecimientos-grid">
115:                 <%
116:                     Connection conBanner = null;
117:                     Statement stBanner = null;
118:                     ResultSet rsBanner = null;
119:                     try {


Ha tenido lugar un error en la línea: [155] en el archivo jsp: [/panel_paciente.jsp]
Connection cannot be resolved to a type
152:                     <select id="idEstablecimiento" onchange="cargarEspecialidades()" required>
153:                         <option value="">-- Seleccione un establecimiento --</option>
154:                         <%
155:                             Connection conEst = null;
156:                             Statement stEst = null;
157:                             ResultSet rsEst = null;
158:                             try {


Ha tenido lugar un error en la línea: [204] en el archivo jsp: [/panel_paciente.jsp]
Connection cannot be resolved to a type
201:                 <h3>Mis Citas Programadas</h3>
202: 
203:             <%
204:                 Connection conCitas = null;
205:                 PreparedStatement psCitas = null;
206:                 ResultSet rsCitas = null;
207: 


Ha tenido lugar un error en la línea: [266] en el archivo jsp: [/panel_paciente.jsp]
Connection cannot be resolved to a type
263:     <script>
264:         const medicosData = [
265:             <%
266:                 Connection conData = null;
267:                 Statement stData = null;
268:                 ResultSet rsData = null;
269:                 try {


Stacktrace:
		at org.apache.jasper.compiler.DefaultErrorHandler.javacError(DefaultErrorHandler.java:70)
		at org.apache.jasper.compiler.ErrorDispatcher.javacError(ErrorDispatcher.java:189)
		at org.apache.jasper.compiler.JDTCompiler.generateClass(JDTCompiler.java:611)
		at org.apache.jasper.compiler.Compiler.compile(Compiler.java:406)
		at org.apache.jasper.compiler.Compiler.compile(Compiler.java:378)
		at org.apache.jasper.compiler.Compiler.compile(Compiler.java:364)
		at org.apache.jasper.JspCompilationContext.compile(JspCompilationContext.java:735)
		at org.apache.jasper.servlet.JspServletWrapper.service(JspServletWrapper.java:444)
		at org.apache.jasper.servlet.JspServlet.serviceJspFile(JspServlet.java:358)
		at org.apache.jasper.servlet.JspServlet.service(JspServlet.java:309)
		at javax.servlet.http.HttpServlet.service(HttpServlet.java:623)
		at org.apache.catalina.core.ApplicationFilterChain.internalDoFilter(ApplicationFilterChain.java:201)
		at org.apache.catalina.core.ApplicationFilterChain.doFilter(ApplicationFilterChain.java:146)
		at org.apache.tomcat.websocket.server.WsFilter.doFilter(WsFilter.java:57)
		at org.apache.catalina.core.ApplicationFilterChain.internalDoFilter(ApplicationFilterChain.java:170)
		at org.apache.catalina.core.ApplicationFilterChain.doFilter(ApplicationFilterChain.java:146)
		at org.apache.catalina.core.StandardWrapperValve.invoke(StandardWrapperValve.java:167)
		at org.apache.catalina.core.StandardContextValve.invoke(StandardContextValve.java:88)
		at org.apache.catalina.authenticator.AuthenticatorBase.invoke(AuthenticatorBase.java:539)
		at org.apache.catalina.core.StandardHostValve.invoke(StandardHostValve.java:129)
		at org.apache.catalina.valves.ErrorReportValve.invoke(ErrorReportValve.java:86)
		at org.apache.catalina.valves.AbstractAccessLogValve.invoke(AbstractAccessLogValve.java:764)
		at org.apache.catalina.core.StandardEngineValve.invoke(StandardEngineValve.java:71)
		at org.apache.catalina.connector.CoyoteAdapter.service(CoyoteAdapter.java:350)
		at org.apache.coyote.http11.Http11Processor.service(Http11Processor.java:409)
		at org.apache.coyote.AbstractProcessorLight.process(AbstractProcessorLight.java:71)
		at org.apache.coyote.AbstractProtocol$ConnectionHandler.process(AbstractProtocol.java:1344)
		at org.apache.tomcat.util.net.NioEndpoint$SocketProcessor.doRun(NioEndpoint.java:2254)
		at org.apache.tomcat.util.net.SocketProcessorBase.run(SocketProcessorBase.java:74)
		at org.apache.tomcat.util.threads.ThreadPoolExecutor.runWorker(ThreadPoolExecutor.java:976)
		at org.apache.tomcat.util.threads.ThreadPoolExecutor$Worker.run(ThreadPoolExecutor.java:494)
		at org.apache.tomcat.util.threads.TaskThread$WrappingRunnable.run(TaskThread.java:80)
		at java.base/java.lang.Thread.run(Thread.java:1516)
